2025-01-25 13:04:13,249 - __main__ - INFO - Received verification request: {'url': 'https://www.nmc.org.in/information-desk/indian-medical-register/', 'reg_no': '35513', 'council': 'Andhra Pradesh Medical Council', 'customerId': 1, 'verificationFor': 'laywer'}
2025-01-25 13:04:13,250 - __main__ - WARNING - Verification service for laywer is still in process.
2025-01-25 13:04:13,250 - __main__ - INFO - Response time for the request: 0.00 seconds
2025-01-25 13:04:13,251 - __main__ - INFO - ----------------------------------------------------------------------------------------------------
2025-01-25 13:04:19,980 - __main__ - INFO - Received verification request: {'url': 'https://www.nmc.org.in/information-desk/indian-medical-register/', 'reg_no': '35513', 'council': 'Andhra Pradesh Medical Council', 'customerId': 1, 'verificationFor': 'doctor'}
2025-01-25 13:04:19,991 - __main__ - INFO - Verifying doctor with registration number: 35513
2025-01-25 13:04:19,992 - asyncio - DEBUG - Using proactor: IocpProactor
2025-01-25 13:04:36,765 - __main__ - INFO - Doctor verification successful for reg_no: 35513
2025-01-25 13:04:36,765 - __main__ - INFO - Doctor verification response: ({'customerId': '1', 'registrationNo': '35513', 'name': 'Kommoji Alice Devanandani', 'yearOfInfo': '1993', 'stateMedicalCouncil': 'Andhra Pradesh Medical Council', 'fatherOrHusbandName': 'Manikya Rao', 'universityName': 'U.S.Venkat', 'qualification': 'MBBS', 'qualificationYear': '1991', 'permanentAddress': 'Tendent Of Post Offices, Narasaraopeta, Guntur Dist - 522601. A P.'}, 200)
2025-01-25 13:04:36,766 - __main__ - INFO - Response time for the request: 16.79 seconds
2025-01-25 13:04:36,766 - __main__ - INFO - ----------------------------------------------------------------------------------------------------
2025-01-25 13:25:20,705 - __main__ - INFO - Received verification request: {'url': 'https://www.nmc.org.in/information-desk/indian-medical-register/', 'reg_no': '35513', 'council': 'West Bengal Medical Council', 'customerId': 1, 'verificationFor': 'doctor'}
2025-01-25 13:25:20,705 - __main__ - INFO - Verifying doctor with registration number: 35513
2025-01-25 13:25:20,710 - asyncio - DEBUG - Using proactor: IocpProactor
2025-01-25 13:25:50,352 - __main__ - INFO - Doctor verification successful for reg_no: 35513
2025-01-25 13:25:50,353 - __main__ - INFO - Doctor verification response: ({'customerId': '1', 'registrationNo': '35513', 'name': 'Chaudhuri Tamalkanti', 'yearOfInfo': '1976', 'stateMedicalCouncil': 'West Bengal Medical Council', 'fatherOrHusbandName': None, 'universityName': 'U.Calcutta', 'qualification': 'MBBS', 'qualificationYear': '1976', 'permanentAddress': '45, Samsul HUDA Road, Calcutta - 17'}, 200)
2025-01-25 13:25:50,354 - __main__ - INFO - Response time for the request: 29.65 seconds
2025-01-25 13:25:50,354 - __main__ - INFO - ----------------------------------------------------------------------------------------------------
2025-01-25 13:27:09,876 - __main__ - INFO - Received verification request: {'reg_no': '35513', 'council': 'West Bengal Medical Council', 'customerId': 1, 'verificationFor': 'doctor'}
2025-01-25 13:27:09,877 - __main__ - ERROR - URL is required
2025-01-25 13:27:59,153 - __main__ - INFO - Received verification request: {'reg_no': '35513', 'council': 'West Bengal Medical Council', 'customerId': 1, 'verificationFor': 'doctor'}
2025-01-25 13:27:59,153 - __main__ - INFO - Verifying doctor with registration number: 35513
2025-01-25 13:27:59,154 - __main__ - INFO - Verifying doctor with url: https://www.nmc.org.in/information-desk/indian-medical-register/
2025-01-25 13:27:59,154 - asyncio - DEBUG - Using proactor: IocpProactor
2025-01-25 13:28:15,243 - __main__ - INFO - Doctor verification successful for reg_no: 35513
2025-01-25 13:28:15,243 - __main__ - INFO - Doctor verification response: ({'customerId': '1', 'registrationNo': '35513', 'name': 'Chaudhuri Tamalkanti', 'yearOfInfo': '1976', 'stateMedicalCouncil': 'West Bengal Medical Council', 'fatherOrHusbandName': None, 'universityName': 'U.Calcutta', 'qualification': 'MBBS', 'qualificationYear': '1976', 'permanentAddress': '45, Samsul HUDA Road, Calcutta - 17'}, 200)
2025-01-25 13:28:15,244 - __main__ - INFO - Response time for the request: 16.09 seconds
2025-01-25 13:28:15,245 - __main__ - INFO - ----------------------------------------------------------------------------------------------------
2025-01-25 13:28:23,444 - __main__ - INFO - Received verification request: {'reg_no': '35513', 'council': 'West Bengal Medical Council', 'customerId': 1, 'verificationFor': 'laywer'}
2025-01-25 13:28:23,444 - __main__ - WARNING - Verification service for laywer is still in process.
2025-01-25 13:28:23,445 - __main__ - INFO - Response time for the request: 0.00 seconds
2025-01-25 13:28:23,445 - __main__ - INFO - ----------------------------------------------------------------------------------------------------
2025-01-25 13:28:35,484 - __main__ - INFO - Received verification request: {'reg_no': '35513', 'council': 'West Bengal Medical Council', 'customerId': 1, 'verificationFor': 'doctor'}
2025-01-25 13:28:35,485 - __main__ - INFO - Verifying doctor with registration number: 35513
2025-01-25 13:28:35,485 - __main__ - INFO - Verifying doctor with url: https://www.nmc.org.in/information-desk/indian-medical-register/
2025-01-25 13:28:35,485 - asyncio - DEBUG - Using proactor: IocpProactor
2025-01-25 13:28:50,687 - __main__ - INFO - Doctor verification successful for reg_no: 35513
2025-01-25 13:28:50,687 - __main__ - INFO - Doctor verification response: ({'customerId': '1', 'registrationNo': '35513', 'name': 'Chaudhuri Tamalkanti', 'yearOfInfo': '1976', 'stateMedicalCouncil': 'West Bengal Medical Council', 'fatherOrHusbandName': None, 'universityName': 'U.Calcutta', 'qualification': 'MBBS', 'qualificationYear': '1976', 'permanentAddress': '45, Samsul HUDA Road, Calcutta - 17'}, 200)
2025-01-25 13:28:50,688 - __main__ - INFO - Response time for the request: 15.20 seconds
2025-01-25 13:28:50,689 - __main__ - INFO - ----------------------------------------------------------------------------------------------------
2025-01-25 13:29:04,594 - __main__ - INFO - Received verification request: {'reg_no': '35513', 'council': 'Tamil Nadu Medical Council', 'customerId': 1, 'verificationFor': 'doctor'}
2025-01-25 13:29:04,594 - __main__ - INFO - Verifying doctor with registration number: 35513
2025-01-25 13:29:04,595 - __main__ - INFO - Verifying doctor with url: https://www.nmc.org.in/information-desk/indian-medical-register/
2025-01-25 13:29:04,595 - asyncio - DEBUG - Using proactor: IocpProactor
2025-01-25 13:29:20,180 - __main__ - INFO - Doctor verification successful for reg_no: 35513
2025-01-25 13:29:20,181 - __main__ - INFO - Doctor verification response: ({'customerId': '1', 'registrationNo': '35513', 'name': 'Karunakaran Kandassamy', 'yearOfInfo': '1982', 'stateMedicalCouncil': 'Tamil Nadu Medical Council', 'fatherOrHusbandName': 'V Kandasamy', 'universityName': 'U.Madras', 'qualification': 'MBBS', 'qualificationYear': '1982', 'permanentAddress': 'Ragunathapuram Kasaandadu Pattudottai 614910'}, 200)
2025-01-25 13:29:20,185 - __main__ - INFO - Response time for the request: 15.59 seconds
2025-01-25 13:29:20,185 - __main__ - INFO - ----------------------------------------------------------------------------------------------------
2025-01-25 13:30:38,134 - __main__ - INFO - Received verification request: {'reg_no': '35513', 'council': 'Tamil Nadu Medical Council', 'customerId': 1, 'verificationFor': 'doctor'}
2025-01-25 13:30:38,135 - __main__ - INFO - Verifying doctor with registration number: 35513
2025-01-25 13:30:38,135 - __main__ - INFO - Verifying doctor with url: https://www.nmc.org.in/information-desk/indian-medical-register/
2025-01-25 13:30:38,139 - asyncio - DEBUG - Using proactor: IocpProactor
2025-01-25 13:30:52,428 - __main__ - INFO - Doctor verification successful for reg_no: 35513
2025-01-25 13:30:52,429 - __main__ - INFO - Doctor verification response: ({'customerId': '1', 'registrationNo': '35513', 'name': 'Karunakaran Kandassamy', 'yearOfInfo': '1982', 'dateOfRegistration': '25/02/1982', 'stateMedicalCouncil': 'Tamil Nadu Medical Council', 'fatherOrHusbandName': 'V Kandasamy', 'universityName': 'U.Madras', 'qualification': 'MBBS', 'qualificationYear': '1982', 'permanentAddress': 'Ragunathapuram Kasaandadu Pattudottai 614910'}, 200)
2025-01-25 13:30:52,430 - __main__ - INFO - Response time for the request: 14.30 seconds
2025-01-25 13:30:52,430 - __main__ - INFO - ----------------------------------------------------------------------------------------------------
2025-01-25 13:31:42,508 - __main__ - INFO - Received verification request: {'reg_no': '09-35513', 'council': 'Medical Council of India', 'customerId': 1, 'verificationFor': 'doctor'}
2025-01-25 13:31:42,508 - __main__ - INFO - Verifying doctor with registration number: 09-35513
2025-01-25 13:31:42,509 - __main__ - INFO - Verifying doctor with url: https://www.nmc.org.in/information-desk/indian-medical-register/
2025-01-25 13:31:42,509 - asyncio - DEBUG - Using proactor: IocpProactor
2025-01-25 13:31:57,747 - __main__ - INFO - Doctor verification successful for reg_no: 09-35513
2025-01-25 13:31:57,748 - __main__ - INFO - Doctor verification response: ({'customerId': '1', 'registrationNo': '09-35513', 'name': 'RAMESH NANDAN', 'yearOfInfo': '2009', 'dateOfRegistration': '08/09/2009', 'stateMedicalCouncil': 'Medical Council of India', 'fatherOrHusbandName': 'Sh. Maniram Joshi', 'universityName': 'U.Maha.Health Sc.', 'qualification': 'M.B.B.S.', 'qualificationYear': '2009', 'permanentAddress': 'V.P.O. - Pallu, Teh. Rawatsar, Distt. Hanumangarh-335524.(Rajasthan).'}, 200)
2025-01-25 13:31:57,749 - __main__ - INFO - Response time for the request: 15.24 seconds
2025-01-25 13:31:57,749 - __main__ - INFO - ----------------------------------------------------------------------------------------------------
2025-01-25 13:53:35,151 - __main__ - INFO - Received verification request: {'reg_no': '09-35513', 'council': 'Medical Council of India', 'customerId': 1, 'verificationFor': 'doctor'}
2025-01-25 13:53:35,152 - __main__ - INFO - Verifying doctor with registration number: 09-35513
2025-01-25 13:53:35,156 - __main__ - INFO - Verifying doctor with url: https://www.nmc.org.in/information-desk/indian-medical-register/
2025-01-25 13:53:35,157 - asyncio - DEBUG - Using proactor: IocpProactor
2025-01-25 13:54:16,539 - __main__ - INFO - Doctor verification successful for reg_no: 09-35513
2025-01-25 13:54:16,539 - __main__ - INFO - Doctor verification response: ({'customerId': '1', 'registrationNo': '09-35513', 'name': 'RAMESH NANDAN', 'yearOfInfo': '2009', 'dateOfRegistration': '08-09-09', 'stateMedicalCouncil': 'Medical Council of India', 'fatherOrHusbandName': 'Sh. Maniram Joshi', 'universityName': 'U.Maha.Health Sc.', 'qualification': 'M.B.B.S.', 'qualificationYear': '2009', 'permanentAddress': 'V.P.O. - Pallu, Teh. Rawatsar, Distt. Hanumangarh-335524.(Rajasthan).'}, 200)
2025-01-25 13:54:16,544 - __main__ - INFO - Response time for the request: 41.39 seconds
2025-01-25 13:54:16,544 - __main__ - INFO - ----------------------------------------------------------------------------------------------------
2025-01-25 13:54:38,609 - __main__ - INFO - Received verification request: {'reg_no': '09-35513', 'council': 'Medical Council of India', 'customerId': 1, 'verificationFor': 'doctor'}
2025-01-25 13:54:38,610 - __main__ - INFO - Verifying doctor with registration number: 09-35513
2025-01-25 13:54:38,614 - __main__ - INFO - Verifying doctor with url: https://www.nmc.org.in/information-desk/indian-medical-register/
2025-01-25 13:54:38,614 - asyncio - DEBUG - Using proactor: IocpProactor
2025-01-25 13:54:54,096 - __main__ - INFO - Doctor verification successful for reg_no: 09-35513
2025-01-25 13:54:54,096 - __main__ - INFO - Doctor verification response: ({'customerId': '1', 'registrationNo': '09-35513', 'name': 'RAMESH NANDAN', 'yearOfInfo': '2009', 'dateOfRegistration': '08-09-09', 'stateMedicalCouncil': 'Medical Council of India', 'fatherOrHusbandName': 'Sh. Maniram Joshi', 'universityName': 'U.Maha.Health Sc.', 'qualification': 'M.B.B.S.', 'qualificationYear': '2009', 'permanentAddress': 'V.P.O. - Pallu, Teh. Rawatsar, Distt. Hanumangarh-335524.(Rajasthan).'}, 200)
2025-01-25 13:54:54,097 - __main__ - INFO - Response time for the request: 15.49 seconds
2025-01-25 13:54:54,098 - __main__ - INFO - ----------------------------------------------------------------------------------------------------
2025-01-25 13:55:07,105 - __main__ - INFO - Received verification request: {'reg_no': '09-35513', 'council': 'Medical Council of India', 'customerId': 1, 'verificationFor': 'doctor'}
2025-01-25 13:55:07,107 - __main__ - INFO - Verifying doctor with registration number: 09-35513
2025-01-25 13:55:07,107 - __main__ - INFO - Verifying doctor with url: https://www.nmc.org.in/information-desk/indian-medical-register/
2025-01-25 13:55:07,107 - asyncio - DEBUG - Using proactor: IocpProactor
2025-01-25 13:55:23,274 - __main__ - INFO - Doctor verification successful for reg_no: 09-35513
2025-01-25 13:55:23,275 - __main__ - INFO - Doctor verification response: ({'customerId': '1', 'registrationNo': '09-35513', 'name': 'RAMESH NANDAN', 'yearOfInfo': '2009', 'dateOfRegistration': '08-09-9', 'stateMedicalCouncil': 'Medical Council of India', 'fatherOrHusbandName': 'Sh. Maniram Joshi', 'universityName': 'U.Maha.Health Sc.', 'qualification': 'M.B.B.S.', 'qualificationYear': '2009', 'permanentAddress': 'V.P.O. - Pallu, Teh. Rawatsar, Distt. Hanumangarh-335524.(Rajasthan).'}, 200)
2025-01-25 13:55:23,280 - __main__ - INFO - Response time for the request: 16.17 seconds
2025-01-25 13:55:23,280 - __main__ - INFO - ----------------------------------------------------------------------------------------------------
2025-01-25 13:55:32,420 - __main__ - INFO - Received verification request: {'reg_no': '09-35513', 'council': 'Medical Council of India', 'customerId': 1, 'verificationFor': 'doctor'}
2025-01-25 13:55:32,421 - __main__ - INFO - Verifying doctor with registration number: 09-35513
2025-01-25 13:55:32,421 - __main__ - INFO - Verifying doctor with url: https://www.nmc.org.in/information-desk/indian-medical-register/
2025-01-25 13:55:32,422 - asyncio - DEBUG - Using proactor: IocpProactor
2025-01-25 13:55:48,018 - __main__ - INFO - Doctor verification successful for reg_no: 09-35513
2025-01-25 13:55:48,018 - __main__ - INFO - Doctor verification response: ({'customerId': '1', 'registrationNo': '09-35513', 'name': 'RAMESH NANDAN', 'yearOfInfo': '2009', 'dateOfRegistration': '08-09-2009', 'stateMedicalCouncil': 'Medical Council of India', 'fatherOrHusbandName': 'Sh. Maniram Joshi', 'universityName': 'U.Maha.Health Sc.', 'qualification': 'M.B.B.S.', 'qualificationYear': '2009', 'permanentAddress': 'V.P.O. - Pallu, Teh. Rawatsar, Distt. Hanumangarh-335524.(Rajasthan).'}, 200)
2025-01-25 13:55:48,019 - __main__ - INFO - Response time for the request: 15.60 seconds
2025-01-25 13:55:48,020 - __main__ - INFO - ----------------------------------------------------------------------------------------------------
2025-01-25 14:56:36,900 - __main__ - INFO - Received verification request: {'reg_no': '09-35513', 'council': 'Medical Council of India', 'customerId': 1, 'verificationFor': 'doctor'}
2025-01-25 14:56:36,905 - __main__ - INFO - Verifying doctor with registration number: 09-35513
2025-01-25 14:56:36,906 - __main__ - INFO - Verifying doctor with url: https://www.nmc.org.in/information-desk/indian-medical-register/
2025-01-25 14:56:36,908 - asyncio - DEBUG - Using proactor: IocpProactor
2025-01-25 14:57:11,430 - __main__ - INFO - Doctor verification successful for reg_no: 09-35513
2025-01-25 14:57:11,432 - __main__ - INFO - Doctor verification response: ({'customerId': '1', 'registrationNo': '09-35513', 'name': 'RAMESH NANDAN', 'yearOfInfo': '2009', 'dateOfRegistration': '08-09-2009', 'stateMedicalCouncil': 'Medical Council of India', 'fatherOrHusbandName': 'Sh. Maniram Joshi', 'universityName': 'U.Maha.Health Sc.', 'qualification': 'M.B.B.S.', 'qualificationYear': '2009', 'permanentAddress': 'V.P.O. - Pallu, Teh. Rawatsar, Distt. Hanumangarh-335524.(Rajasthan).'}, 200)
2025-01-25 14:57:11,435 - __main__ - INFO - Response time for the request: 34.54 seconds
2025-01-25 14:57:11,436 - __main__ - INFO - ----------------------------------------------------------------------------------------------------
